
/home/runner/work/exp-overrun-in-icecream-iitk/exp-overrun-in-icecream-iitk/experiment/simulation/script/icecream.js
  22:10  warning  'beginExperiment' is defined but never used     no-unused-vars
  28:10  warning  'startSterilization' is defined but never used  no-unused-vars
  46:10  warning  'pourMix' is defined but never used             no-unused-vars

/home/runner/work/exp-overrun-in-icecream-iitk/exp-overrun-in-icecream-iitk/experiment/simulation/script/project.js
   4:5   warning  'stp1' is assigned a value but never used       no-unused-vars
   5:5   warning  'stp2' is assigned a value but never used       no-unused-vars
   6:5   warning  'stp3' is assigned a value but never used       no-unused-vars
   7:5   warning  'lastbg' is assigned a value but never used     no-unused-vars
   8:5   warning  'inference' is assigned a value but never used  no-unused-vars
  27:9   warning  'spatula' is not defined                        no-undef
  28:9   warning  'cap' is not defined                            no-undef
  29:9   warning  'bottle' is not defined                         no-undef
  31:13  warning  'wbath' is not defined                          no-undef
  32:13  warning  'wbathback' is not defined                      no-undef
  40:21  warning  'temptext1' is not defined                      no-undef
  44:13  warning  'gaintemp' is not defined                       no-undef
  54:9   warning  'wbath' is not defined                          no-undef
  55:9   warning  'wbathback' is not defined                      no-undef
  57:13  warning  'mcyldiv' is not defined                        no-undef
  58:13  warning  'funnel' is not defined                         no-undef
  59:13  warning  'mcyldiv1' is not defined                       no-undef
  60:13  warning  'diswaterdiv' is not defined                    no-undef
  70:9   warning  'last' is not defined                           no-undef

/home/runner/work/exp-overrun-in-icecream-iitk/exp-overrun-in-icecream-iitk/experiment/simulation/script/step1.js
    1:5   warning  'on' is assigned a value but never used       no-unused-vars
    2:5   warning  'tare' is assigned a value but never used     no-unused-vars
    3:5   warning  'reading' is assigned a value but never used  no-unused-vars
    5:5   warning  'machine' is assigned a value but never used  no-unused-vars
    6:5   warning  'beaker' is assigned a value but never used   no-unused-vars
    8:5   warning  'bottle' is assigned a value but never used   no-unused-vars
   70:10  warning  'cap1' is defined but never used              no-unused-vars
   71:8   warning  'f' is not defined                            no-undef
   72:9   warning  'f' is not defined                            no-undef
   79:21  warning  'ins' is not defined                          no-undef
   80:21  warning  'f' is not defined                            no-undef
   87:10  warning  'spatula1' is defined but never used          no-unused-vars
   88:8   warning  'f' is not defined                            no-undef
   89:9   warning  'f' is not defined                            no-undef
  119:37  warning  'f' is not defined                            no-undef
  128:41  warning  'ins' is not defined                          no-undef
  129:41  warning  'f' is not defined                            no-undef
  130:41  warning  'startbutton' is not defined                  no-undef
  132:45  warning  'startbutton' is not defined                  no-undef

/home/runner/work/exp-overrun-in-icecream-iitk/exp-overrun-in-icecream-iitk/experiment/simulation/script/step2.js
    1:5   warning  'wbath' is assigned a value but never used      no-unused-vars
    2:5   warning  'wbathback' is assigned a value but never used  no-unused-vars
    4:5   warning  'plusbtn' is assigned a value but never used    no-unused-vars
    5:5   warning  'minusbtn' is assigned a value but never used   no-unused-vars
   17:10  warning  'onoffnew1' is defined but never used           no-unused-vars
   18:17  warning  'f' is not defined                              no-undef
   19:8   warning  'f' is not defined                              no-undef
   20:9   warning  'f' is not defined                              no-undef
   23:9   warning  'ins' is not defined                            no-undef
   25:13  warning  'f' is not defined                              no-undef
   26:9   warning  'f' is not defined                              no-undef
   29:9   warning  'ins' is not defined                            no-undef
   34:10  warning  'plusnew1' is defined but never used            no-unused-vars
   35:8   warning  'f' is not defined                              no-undef
   37:9   warning  'startbutton' is not defined                    no-undef
   50:10  warning  'minusnew1' is defined but never used           no-unused-vars
   51:8   warning  'f' is not defined                              no-undef
   66:10  warning  'gaintemp' is defined but never used            no-unused-vars
   79:9   warning  'ins' is not defined                            no-undef
   81:13  warning  'f' is not defined                              no-undef
   89:10  warning  'beaker1' is defined but never used             no-unused-vars
   90:8   warning  'f' is not defined                              no-undef
   91:9   warning  'f' is not defined                              no-undef
   93:9   warning  'samp1' is not defined                          no-undef
   94:9   warning  'samp2' is not defined                          no-undef
   95:9   warning  'samp3' is not defined                          no-undef
   96:9   warning  'samp4' is not defined                          no-undef
   97:9   warning  'samp5' is not defined                          no-undef
   98:9   warning  'samp6' is not defined                          no-undef
   99:9   warning  'samp7' is not defined                          no-undef
  100:9   warning  'samp8' is not defined                          no-undef
  104:13  warning  'samp1' is not defined                          no-undef
  105:13  warning  'samp2' is not defined                          no-undef
  106:13  warning  'samp3' is not defined                          no-undef
  107:13  warning  'samp4' is not defined                          no-undef
  108:13  warning  'samp5' is not defined                          no-undef
  109:13  warning  'samp6' is not defined                          no-undef
  110:13  warning  'samp7' is not defined                          no-undef
  111:13  warning  'samp8' is not defined                          no-undef
  115:17  warning  'samp1' is not defined                          no-undef
  116:17  warning  'samp2' is not defined                          no-undef
  117:17  warning  'samp3' is not defined                          no-undef
  118:17  warning  'samp4' is not defined                          no-undef
  119:17  warning  'samp5' is not defined                          no-undef
  120:17  warning  'samp6' is not defined                          no-undef
  121:17  warning  'samp7' is not defined                          no-undef
  122:17  warning  'samp8' is not defined                          no-undef
  125:21  warning  'ins' is not defined                            no-undef
  126:21  warning  'samp1' is not defined                          no-undef
  127:21  warning  'samp2' is not defined                          no-undef
  128:21  warning  'samp3' is not defined                          no-undef
  129:21  warning  'samp4' is not defined                          no-undef
  130:21  warning  'samp5' is not defined                          no-undef
  131:21  warning  'samp6' is not defined                          no-undef
  132:21  warning  'samp7' is not defined                          no-undef
  133:21  warning  'samp8' is not defined                          no-undef
  137:25  warning  'ins' is not defined                            no-undef
  138:25  warning  'f' is not defined                              no-undef
  145:13  warning  'f' is not defined                              no-undef
  146:9   warning  'f' is not defined                              no-undef
  153:21  warning  'startbutton' is not defined                    no-undef
  154:21  warning  'ins' is not defined                            no-undef
  155:21  warning  'f' is not defined                              no-undef
  160:13  warning  'f' is not defined                              no-undef
  161:9   warning  'f' is not defined                              no-undef
  175:21  warning  'msol' is not defined                           no-undef
  176:21  warning  'msol' is not defined                           no-undef
  187:33  warning  'f' is not defined                              no-undef
  188:33  warning  'ins' is not defined                            no-undef
  197:13  warning  'f' is not defined                              no-undef
  198:9   warning  'f' is not defined                              no-undef
  212:21  warning  'msol' is not defined                           no-undef
  213:21  warning  'msol' is not defined                           no-undef
  223:29  warning  'trial' is not defined                          no-undef
  225:33  warning  'f' is not defined                              no-undef
  226:33  warning  'ins' is not defined                            no-undef
  236:13  warning  'f' is not defined                              no-undef
  237:9   warning  'f' is not defined                              no-undef
  251:21  warning  'msol' is not defined                           no-undef
  252:21  warning  'msol' is not defined                           no-undef
  263:33  warning  'f' is not defined                              no-undef
  265:33  warning  'ins' is not defined                            no-undef

/home/runner/work/exp-overrun-in-icecream-iitk/exp-overrun-in-icecream-iitk/experiment/simulation/script/step3.js
    1:5   warning  'mcyldiv' is assigned a value but never used  no-unused-vars
    2:5   warning  'msol' is assigned a value but never used     no-unused-vars
   15:10  warning  'funnel1' is defined but never used           no-unused-vars
   16:8   warning  'f' is not defined                            no-undef
   17:9   warning  'f' is not defined                            no-undef
   25:21  warning  'f' is not defined                            no-undef
   26:21  warning  'ins' is not defined                          no-undef
   31:13  warning  'f' is not defined                            no-undef
   32:9   warning  'f' is not defined                            no-undef
   40:21  warning  'startbutton' is not defined                  no-undef
   41:21  warning  'startbutton' is not defined                  no-undef
   42:21  warning  'ins' is not defined                          no-undef
   43:21  warning  'f' is not defined                            no-undef
   51:10  warning  'diswater1' is defined but never used         no-unused-vars
   52:8   warning  'f' is not defined                            no-undef
   53:9   warning  'f' is not defined                            no-undef
   81:33  warning  'f' is not defined                            no-undef
   82:33  warning  'ins' is not defined                          no-undef
   84:37  warning  'f' is not defined                            no-undef
   97:10  warning  'mcyl11' is defined but never used            no-unused-vars
   98:8   warning  'f' is not defined                            no-undef
   99:9   warning  'f' is not defined                            no-undef
  111:21  warning  'beakersol' is not defined                    no-undef
  113:25  warning  'beakersol' is not defined                    no-undef
  114:25  warning  'beakersol' is not defined                    no-undef
  115:25  warning  'beakersol' is not defined                    no-undef
  116:25  warning  'beakersol' is not defined                    no-undef
  130:37  warning  'ins' is not defined                          no-undef
  131:37  warning  'f' is not defined                            no-undef
  140:13  warning  'f' is not defined                            no-undef
  141:9   warning  'f' is not defined                            no-undef
  153:21  warning  'beakersol' is not defined                    no-undef
  155:25  warning  'beakersol' is not defined                    no-undef
  156:25  warning  'beakersol' is not defined                    no-undef
  157:25  warning  'beakersol' is not defined                    no-undef
  158:25  warning  'beakersol' is not defined                    no-undef
  171:37  warning  'ins' is not defined                          no-undef
  172:37  warning  'f' is not defined                            no-undef

/home/runner/work/exp-overrun-in-icecream-iitk/exp-overrun-in-icecream-iitk/experiment/simulation/script/step4.js
   1:5   warning  'last' is assigned a value but never used      no-unused-vars
   6:5   warning  'checkbtn' is assigned a value but never used  no-unused-vars
   7:5   warning  'overrun' is assigned a value but never used   no-unused-vars
  17:10  warning  'fhider' is defined but never used             no-unused-vars
  31:10  warning  'checker' is defined but never used            no-unused-vars
  49:10  warning  'result' is defined but never used             no-unused-vars

/home/runner/work/exp-overrun-in-icecream-iitk/exp-overrun-in-icecream-iitk/experiment/simulation/script/step5.js
   17:21  warning  'pdish1' is not defined                  no-undef
   33:10  warning  'flaskpour' is defined but never used    no-unused-vars
   34:8   warning  'f' is not defined                       no-undef
   35:9   warning  'f' is not defined                       no-undef
   36:9   warning  'flaskselector' is not defined           no-undef
   37:9   warning  'solselector' is not defined             no-undef
   39:13  warning  'flaskselector' is not defined           no-undef
   40:13  warning  'solselector' is not defined             no-undef
   42:13  warning  'falsolselect' is not defined            no-undef
   43:13  warning  'falsolselect' is not defined            no-undef
   44:13  warning  'falsolselect' is not defined            no-undef
   45:13  warning  'falsolselect' is not defined            no-undef
   46:13  warning  'falsolselect' is not defined            no-undef
   48:17  warning  'flaskselector' is not defined           no-undef
   49:17  warning  'solselector' is not defined             no-undef
   50:17  warning  'solselector' is not defined             no-undef
   51:17  warning  'solselector' is not defined             no-undef
   53:21  warning  'falsolselect' is not defined            no-undef
   55:25  warning  'falsolselect' is not defined            no-undef
   56:25  warning  'falsolselect' is not defined            no-undef
   61:21  warning  'solselector' is not defined             no-undef
   63:21  warning  'falsolselect' is not defined            no-undef
   65:25  warning  'flaskselector' is not defined           no-undef
   66:25  warning  'solselector' is not defined             no-undef
   68:29  warning  'solselector' is not defined             no-undef
   69:29  warning  'flaskselector' is not defined           no-undef
   71:33  warning  'flaskselector' is not defined           no-undef
   73:37  warning  'flaskselector' is not defined           no-undef
   75:41  warning  'flaskselector' is not defined           no-undef
   76:41  warning  'ins' is not defined                     no-undef
   79:41  warning  'f' is not defined                       no-undef
   92:10  warning  'funnel1' is defined but never used      no-unused-vars
   93:8   warning  'f' is not defined                       no-undef
   94:9   warning  'f' is not defined                       no-undef
  124:48  warning  'flaskselector' is not defined           no-undef
  129:53  warning  'f' is not defined                       no-undef
  150:8   warning  'flaskselector' is not defined           no-undef
  150:23  warning  'flask1' is not defined                  no-undef
  151:9   warning  'flaskselector' is not defined           no-undef
  151:23  warning  'flask2' is not defined                  no-undef
  152:9   warning  'solselector' is not defined             no-undef
  152:21  warning  'sol2' is not defined                    no-undef
  154:23  warning  'pdish2' is not defined                  no-undef
  160:9   warning  'ins' is not defined                     no-undef
  162:13  warning  'flaskselector' is not defined           no-undef
  162:28  warning  'flask2' is not defined                  no-undef
  163:9   warning  'flaskselector' is not defined           no-undef
  163:23  warning  'flask3' is not defined                  no-undef
  164:9   warning  'solselector' is not defined             no-undef
  164:21  warning  'sol3' is not defined                    no-undef
  166:23  warning  'pdish3' is not defined                  no-undef
  172:9   warning  'ins' is not defined                     no-undef
  174:13  warning  'flaskselector' is not defined           no-undef
  174:28  warning  'flask3' is not defined                  no-undef
  175:9   warning  'flaskselector' is not defined           no-undef
  175:23  warning  'flask4' is not defined                  no-undef
  176:9   warning  'solselector' is not defined             no-undef
  176:21  warning  'sol4' is not defined                    no-undef
  178:23  warning  'pdish4' is not defined                  no-undef
  184:9   warning  'ins' is not defined                     no-undef
  186:13  warning  'flaskselector' is not defined           no-undef
  186:28  warning  'flask4' is not defined                  no-undef
  187:9   warning  'flaskselector' is not defined           no-undef
  187:23  warning  'flask5' is not defined                  no-undef
  188:9   warning  'solselector' is not defined             no-undef
  188:21  warning  'sol5' is not defined                    no-undef
  190:23  warning  'pdish5' is not defined                  no-undef
  196:9   warning  'ins' is not defined                     no-undef
  198:13  warning  'flaskselector' is not defined           no-undef
  198:28  warning  'flask5' is not defined                  no-undef
  199:9   warning  'flaskselector' is not defined           no-undef
  201:23  warning  'pdish1' is not defined                  no-undef
  202:9   warning  'startbutton' is not defined             no-undef
  203:9   warning  'startbutton' is not defined             no-undef
  204:9   warning  'ins' is not defined                     no-undef
  205:9   warning  'f' is not defined                       no-undef
  212:10  warning  'ovenplace' is defined but never used    no-unused-vars
  214:5   warning  'machine' is not defined                 no-undef
  215:5   warning  'reading' is not defined                 no-undef
  216:5   warning  'on' is not defined                      no-undef
  217:5   warning  'tare' is not defined                    no-undef
  224:5   warning  'pdish1' is not defined                  no-undef
  225:5   warning  'pdish2' is not defined                  no-undef
  226:5   warning  'pdish3' is not defined                  no-undef
  227:5   warning  'pdish4' is not defined                  no-undef
  228:5   warning  'pdish5' is not defined                  no-undef
  236:9   warning  'pdish1' is not defined                  no-undef
  237:9   warning  'pdish2' is not defined                  no-undef
  238:9   warning  'pdish3' is not defined                  no-undef
  239:9   warning  'pdish4' is not defined                  no-undef
  240:9   warning  'pdish5' is not defined                  no-undef
  249:13  warning  'pdish1' is not defined                  no-undef
  250:13  warning  'pdish2' is not defined                  no-undef
  251:13  warning  'pdish3' is not defined                  no-undef
  252:13  warning  'pdish4' is not defined                  no-undef
  253:13  warning  'pdish5' is not defined                  no-undef
  261:13  warning  'pdish1' is not defined                  no-undef
  262:13  warning  'pdish2' is not defined                  no-undef
  263:13  warning  'pdish3' is not defined                  no-undef
  264:13  warning  'pdish4' is not defined                  no-undef
  265:13  warning  'pdish5' is not defined                  no-undef
  267:13  warning  'ovendiv' is not defined                 no-undef
  268:13  warning  'gate' is not defined                    no-undef
  277:17  warning  'pdish1' is not defined                  no-undef
  278:17  warning  'pdish2' is not defined                  no-undef
  279:17  warning  'pdish3' is not defined                  no-undef
  280:17  warning  'pdish4' is not defined                  no-undef
  281:17  warning  'pdish5' is not defined                  no-undef
  284:21  warning  'ins' is not defined                     no-undef
  285:21  warning  'f' is not defined                       no-undef
  293:14  warning  'ovenreverse' is defined but never used  no-unused-vars
  299:9   warning  'pdish1' is not defined                  no-undef
  300:9   warning  'pdish2' is not defined                  no-undef
  301:9   warning  'pdish3' is not defined                  no-undef
  302:9   warning  'pdish4' is not defined                  no-undef
  303:9   warning  'pdish5' is not defined                  no-undef
  310:13  warning  'pdish1' is not defined                  no-undef
  311:13  warning  'pdish2' is not defined                  no-undef
  312:13  warning  'pdish3' is not defined                  no-undef
  313:13  warning  'pdish4' is not defined                  no-undef
  314:13  warning  'pdish5' is not defined                  no-undef
  321:13  warning  'pdish1' is not defined                  no-undef
  322:13  warning  'pdish2' is not defined                  no-undef
  323:13  warning  'pdish3' is not defined                  no-undef
  324:13  warning  'pdish4' is not defined                  no-undef
  325:13  warning  'pdish5' is not defined                  no-undef
  333:17  warning  'pdish1' is not defined                  no-undef
  334:17  warning  'pdish2' is not defined                  no-undef
  335:17  warning  'pdish3' is not defined                  no-undef
  336:17  warning  'pdish4' is not defined                  no-undef
  337:17  warning  'pdish5' is not defined                  no-undef
  339:17  warning  'ovendiv' is not defined                 no-undef
  340:17  warning  'gate' is not defined                    no-undef
  348:21  warning  'pdish1' is not defined                  no-undef
  349:21  warning  'pdish2' is not defined                  no-undef
  350:21  warning  'pdish3' is not defined                  no-undef
  351:21  warning  'pdish4' is not defined                  no-undef
  352:21  warning  'pdish5' is not defined                  no-undef
  354:21  warning  'machine' is not defined                 no-undef
  356:25  warning  'tare' is not defined                    no-undef
  357:25  warning  'on' is not defined                      no-undef
  358:25  warning  'reading' is not defined                 no-undef
  359:25  warning  'ins' is not defined                     no-undef
  360:25  warning  'f' is not defined                       no-undef

/home/runner/work/exp-overrun-in-icecream-iitk/exp-overrun-in-icecream-iitk/experiment/simulation/script/step6.js
   36:8   warning  'f' is not defined                     no-undef
   37:9   warning  'f' is not defined                     no-undef
   38:9   warning  'imselector' is not defined            no-undef
   39:9   warning  'pdishselector' is not defined         no-undef
   40:9   warning  'tbl1' is not defined                  no-undef
   42:13  warning  'pdishselector' is not defined         no-undef
   43:13  warning  'imselector' is not defined            no-undef
   45:17  warning  'pdishselector' is not defined         no-undef
   46:17  warning  'imselector' is not defined            no-undef
   48:21  warning  'reading' is not defined               no-undef
   55:29  warning  'f' is not defined                     no-undef
   56:29  warning  'ins' is not defined                   no-undef
   64:13  warning  'f' is not defined                     no-undef
   65:9   warning  'f' is not defined                     no-undef
   66:9   warning  'pdishselector' is not defined         no-undef
   67:9   warning  'imselector' is not defined            no-undef
   68:9   warning  'reading' is not defined               no-undef
   70:13  warning  'pdishselector' is not defined         no-undef
   71:13  warning  'imselector' is not defined            no-undef
   72:13  warning  'tbl1' is not defined                  no-undef
   74:17  warning  'pdishselector' is not defined         no-undef
   75:17  warning  'imselector' is not defined            no-undef
   76:17  warning  'f' is not defined                     no-undef
   93:12  warning  'imselector' is not defined            no-undef
   93:24  warning  'im1' is not defined                   no-undef
   94:13  warning  'imselector' is not defined            no-undef
   94:24  warning  'im2' is not defined                   no-undef
   95:13  warning  'pdishselector' is not defined         no-undef
   95:27  warning  'pdish2' is not defined                no-undef
   99:13  warning  'ins' is not defined                   no-undef
  101:17  warning  'imselector' is not defined            no-undef
  101:29  warning  'im2' is not defined                   no-undef
  102:13  warning  'imselector' is not defined            no-undef
  102:24  warning  'im3' is not defined                   no-undef
  103:13  warning  'pdishselector' is not defined         no-undef
  103:27  warning  'pdish3' is not defined                no-undef
  107:13  warning  'ins' is not defined                   no-undef
  109:17  warning  'imselector' is not defined            no-undef
  109:29  warning  'im3' is not defined                   no-undef
  110:13  warning  'imselector' is not defined            no-undef
  110:24  warning  'im4' is not defined                   no-undef
  111:13  warning  'pdishselector' is not defined         no-undef
  111:27  warning  'pdish4' is not defined                no-undef
  115:13  warning  'ins' is not defined                   no-undef
  117:17  warning  'imselector' is not defined            no-undef
  117:29  warning  'im4' is not defined                   no-undef
  118:13  warning  'imselector' is not defined            no-undef
  118:24  warning  'im5' is not defined                   no-undef
  119:13  warning  'pdishselector' is not defined         no-undef
  119:27  warning  'pdish5' is not defined                no-undef
  123:13  warning  'ins' is not defined                   no-undef
  125:17  warning  'imselector' is not defined            no-undef
  125:29  warning  'im5' is not defined                   no-undef
  126:13  warning  'imselector' is not defined            no-undef
  126:24  warning  'im1' is not defined                   no-undef
  127:13  warning  'pdishselector' is not defined         no-undef
  127:27  warning  'pdish1' is not defined                no-undef
  131:13  warning  'startbutton' is not defined           no-undef
  132:13  warning  'ins' is not defined                   no-undef
  133:13  warning  'f' is not defined                     no-undef
  139:12  warning  'imselector' is not defined            no-undef
  139:24  warning  'im1' is not defined                   no-undef
  140:13  warning  'imselector' is not defined            no-undef
  140:24  warning  'im2' is not defined                   no-undef
  141:13  warning  'pdishselector' is not defined         no-undef
  141:27  warning  'pdish2' is not defined                no-undef
  147:13  warning  'ins' is not defined                   no-undef
  149:17  warning  'imselector' is not defined            no-undef
  149:29  warning  'im2' is not defined                   no-undef
  150:13  warning  'imselector' is not defined            no-undef
  150:24  warning  'im3' is not defined                   no-undef
  151:13  warning  'pdishselector' is not defined         no-undef
  151:27  warning  'pdish3' is not defined                no-undef
  157:13  warning  'ins' is not defined                   no-undef
  159:17  warning  'imselector' is not defined            no-undef
  159:29  warning  'im3' is not defined                   no-undef
  160:13  warning  'imselector' is not defined            no-undef
  160:24  warning  'im4' is not defined                   no-undef
  161:13  warning  'pdishselector' is not defined         no-undef
  161:27  warning  'pdish4' is not defined                no-undef
  167:13  warning  'ins' is not defined                   no-undef
  169:17  warning  'imselector' is not defined            no-undef
  169:29  warning  'im4' is not defined                   no-undef
  170:13  warning  'imselector' is not defined            no-undef
  170:24  warning  'im5' is not defined                   no-undef
  171:13  warning  'pdishselector' is not defined         no-undef
  171:27  warning  'pdish5' is not defined                no-undef
  177:13  warning  'ins' is not defined                   no-undef
  179:17  warning  'imselector' is not defined            no-undef
  179:29  warning  'im5' is not defined                   no-undef
  180:13  warning  'imselector' is not defined            no-undef
  180:24  warning  'im1' is not defined                   no-undef
  181:13  warning  'pdishselector' is not defined         no-undef
  181:27  warning  'pdish1' is not defined                no-undef
  183:13  warning  'startbutton' is not defined           no-undef
  184:13  warning  'startbutton' is not defined           no-undef
  185:13  warning  'ins' is not defined                   no-undef
  186:13  warning  'f' is not defined                     no-undef
  201:10  warning  'imselect1' is defined but never used  no-unused-vars
  202:8   warning  'imselector' is not defined            no-undef
  202:20  warning  'im1' is not defined                   no-undef
  207:10  warning  'imselect2' is defined but never used  no-unused-vars
  208:8   warning  'imselector' is not defined            no-undef
  208:20  warning  'im2' is not defined                   no-undef
  213:10  warning  'imselect3' is defined but never used  no-unused-vars
  214:8   warning  'imselector' is not defined            no-undef
  214:20  warning  'im3' is not defined                   no-undef
  219:10  warning  'imselect4' is defined but never used  no-unused-vars
  220:8   warning  'imselector' is not defined            no-undef
  220:20  warning  'im4' is not defined                   no-undef
  225:10  warning  'imselect5' is defined but never used  no-unused-vars
  226:8   warning  'imselector' is not defined            no-undef
  226:20  warning  'im5' is not defined                   no-undef

/home/runner/work/exp-overrun-in-icecream-iitk/exp-overrun-in-icecream-iitk/experiment/simulation/script/step7.js
    2:5   warning  'ovendiv' is assigned a value but never used  no-unused-vars
   21:10  warning  'onoffnew1' is defined but never used         no-unused-vars
   22:8   warning  'f' is not defined                            no-undef
   23:9   warning  'f' is not defined                            no-undef
   27:9   warning  'ins' is not defined                          no-undef
   30:13  warning  'f' is not defined                            no-undef
   31:9   warning  'f' is not defined                            no-undef
   35:9   warning  'ins' is not defined                          no-undef
   39:10  warning  'tempnew1' is defined but never used          no-unused-vars
   40:8   warning  'f' is not defined                            no-undef
   41:9   warning  'f' is not defined                            no-undef
   44:9   warning  'ins' is not defined                          no-undef
   46:13  warning  'f' is not defined                            no-undef
   47:9   warning  'f' is not defined                            no-undef
   49:9   warning  'ins' is not defined                          no-undef
   53:10  warning  'hournew1' is defined but never used          no-unused-vars
   54:8   warning  'f' is not defined                            no-undef
   55:9   warning  'f' is not defined                            no-undef
   58:9   warning  'ins' is not defined                          no-undef
   60:13  warning  'f' is not defined                            no-undef
   61:9   warning  'f' is not defined                            no-undef
   63:9   warning  'ins' is not defined                          no-undef
   67:10  warning  'minutenew1' is defined but never used        no-unused-vars
   68:8   warning  'f' is not defined                            no-undef
   69:9   warning  'f' is not defined                            no-undef
   72:9   warning  'ins' is not defined                          no-undef
   74:13  warning  'f' is not defined                            no-undef
   75:9   warning  'f' is not defined                            no-undef
   77:9   warning  'ins' is not defined                          no-undef
   81:10  warning  'secondnew1' is defined but never used        no-unused-vars
   82:8   warning  'f' is not defined                            no-undef
   83:9   warning  'f' is not defined                            no-undef
   86:9   warning  'ins' is not defined                          no-undef
   88:13  warning  'f' is not defined                            no-undef
   89:9   warning  'f' is not defined                            no-undef
   91:9   warning  'ins' is not defined                          no-undef
   93:13  warning  'ins' is not defined                          no-undef
   99:10  warning  'door' is defined but never used              no-unused-vars
  100:8   warning  'petritrial' is not defined                   no-undef
  104:13  warning  'f' is not defined                            no-undef
  106:17  warning  'ins' is not defined                          no-undef
  107:17  warning  'startBtntimer2' is not defined               no-undef
  111:13  warning  'ins' is not defined                          no-undef
  114:13  warning  'petritrial' is not defined                   no-undef
  114:34  warning  'f' is not defined                            no-undef
  115:9   warning  'f' is not defined                            no-undef
  118:13  warning  'ovenreverse' is not defined                  no-undef
  125:10  warning  'plusnew1' is defined but never used          no-unused-vars
  126:8   warning  'f' is not defined                            no-undef
  136:13  warning  'f' is not defined                            no-undef
  147:13  warning  'f' is not defined                            no-undef
  157:13  warning  'f' is not defined                            no-undef
  171:10  warning  'minusnew1' is defined but never used         no-unused-vars
  172:8   warning  'f' is not defined                            no-undef
  182:13  warning  'f' is not defined                            no-undef
  193:13  warning  'f' is not defined                            no-undef
  203:13  warning  'f' is not defined                            no-undef

/home/runner/work/exp-overrun-in-icecream-iitk/exp-overrun-in-icecream-iitk/experiment/simulation/script/step8.js
   8:5   warning  'graph' is assigned a value but never used  no-unused-vars
  21:10  warning  'fhider' is defined but never used          no-unused-vars
  35:10  warning  'checker' is defined but never used         no-unused-vars
  50:9   warning  'ins' is not defined                        no-undef
  54:10  warning  'result' is defined but never used          no-unused-vars
  70:9   warning  'ins' is not defined                        no-undef
  76:9   warning  'ins' is not defined                        no-undef
  82:9   warning  'ins' is not defined                        no-undef
  88:9   warning  'ins' is not defined                        no-undef
  91:9   warning  'ins' is not defined                        no-undef
  92:9   warning  'startbutton' is not defined                no-undef
  93:9   warning  'startbutton' is not defined                no-undef
  94:9   warning  'f' is not defined                          no-undef

/home/runner/work/exp-overrun-in-icecream-iitk/exp-overrun-in-icecream-iitk/experiment/simulation/script/stopwatch.js
   3:5   warning  'running' is assigned a value but never used  no-unused-vars
   5:10  warning  'startBtntimer' is defined but never used     no-unused-vars
   6:5   warning  'timer' is not defined                        no-undef
   7:23  warning  'sec2' is not defined                         no-undef
   8:23  warning  'min2' is not defined                         no-undef
  13:5   warning  'timer' is not defined                        no-undef
  16:10  warning  'resetBtn' is defined but never used          no-unused-vars
  17:5   warning  'timer' is not defined                        no-undef
  26:9   warning  'timer' is not defined                        no-undef
  39:13  warning  'stopmachine' is not defined                  no-undef
  40:13  warning  'startbutton' is not defined                  no-undef
  41:13  warning  'startbutton' is not defined                  no-undef
  42:13  warning  'ins' is not defined                          no-undef
  43:13  warning  'f' is not defined                            no-undef

/home/runner/work/exp-overrun-in-icecream-iitk/exp-overrun-in-icecream-iitk/experiment/simulation/script/stopwatch2.js
   4:5   warning  'running2' is assigned a value but never used  no-unused-vars
   6:10  warning  'startBtntimer2' is defined but never used     no-unused-vars
   7:5   warning  'timer2' is not defined                        no-undef
   8:24  warning  'secondnew' is not defined                     no-undef
   9:24  warning  'minutenew' is not defined                     no-undef
  10:22  warning  'hournew' is not defined                       no-undef
  15:5   warning  'timer2' is not defined                        no-undef
  18:10  warning  'resetBtn2' is defined but never used          no-unused-vars
  19:5   warning  'timer2' is not defined                        no-undef
  30:9   warning  'timer2' is not defined                        no-undef
  48:13  warning  'f' is not defined                             no-undef
  49:13  warning  'ins' is not defined                           no-undef
  50:13  warning  'petritrial' is not defined                    no-undef

✖ 521 problems (0 errors, 521 warnings)

